MPLINK 4.31, Linker
Linker Map File - Created Tue Nov 16 20:22:42 2021

                                 Section Info
                  Section       Type    Address   Location Size(Bytes)
                ---------  ---------  ---------  ---------  ---------
                   .org_0       code   0x000000    program   0x000002
                   .cinit    romdata   0x000001    program   0x000004
                   .org_1       code   0x000004    program   0x00008e
.config_2007_EJERCICIO3.O       code   0x002007    program   0x000002



                              Program Memory Usage 
                               Start         End      
                           ---------   ---------      
                            0x000000    0x000002      
                            0x000004    0x00004a      
                            0x002007    0x002007      
            75 out of 2183 program addresses used, program memory utilization is 3%



                              Symbols - Sorted by Name
                     Name    Address   Location    Storage File                     
                ---------  ---------  ---------  --------- ---------                
             _.org_1_0022   0x000022    program     static C:\Users\pc\Desktop\UNLA\Arquitectura de Computadoras\TPFinal\Ejercicio3\ejercicio3c\ejercicio3.asm
                  end_int   0x000039    program     static C:\Users\pc\Desktop\UNLA\Arquitectura de Computadoras\TPFinal\Ejercicio3\ejercicio3c\ejercicio3.asm
                   inicio   0x00000d    program     static C:\Users\pc\Desktop\UNLA\Arquitectura de Computadoras\TPFinal\Ejercicio3\ejercicio3c\ejercicio3.asm
                     main   0x000023    program     static C:\Users\pc\Desktop\UNLA\Arquitectura de Computadoras\TPFinal\Ejercicio3\ejercicio3c\ejercicio3.asm
          mostrar_display   0x000032    program     static C:\Users\pc\Desktop\UNLA\Arquitectura de Computadoras\TPFinal\Ejercicio3\ejercicio3c\ejercicio3.asm
                    resta   0x00002f    program     static C:\Users\pc\Desktop\UNLA\Arquitectura de Computadoras\TPFinal\Ejercicio3\ejercicio3c\ejercicio3.asm
              salir_timer   0x000036    program     static C:\Users\pc\Desktop\UNLA\Arquitectura de Computadoras\TPFinal\Ejercicio3\ejercicio3c\ejercicio3.asm
                     suma   0x00002a    program     static C:\Users\pc\Desktop\UNLA\Arquitectura de Computadoras\TPFinal\Ejercicio3\ejercicio3c\ejercicio3.asm
            tabla_display   0x00003a    program     static C:\Users\pc\Desktop\UNLA\Arquitectura de Computadoras\TPFinal\Ejercicio3\ejercicio3c\ejercicio3.asm



                              Symbols - Sorted by Address
                     Name    Address   Location    Storage File                     
                ---------  ---------  ---------  --------- ---------                
                   inicio   0x00000d    program     static C:\Users\pc\Desktop\UNLA\Arquitectura de Computadoras\TPFinal\Ejercicio3\ejercicio3c\ejercicio3.asm
             _.org_1_0022   0x000022    program     static C:\Users\pc\Desktop\UNLA\Arquitectura de Computadoras\TPFinal\Ejercicio3\ejercicio3c\ejercicio3.asm
                     main   0x000023    program     static C:\Users\pc\Desktop\UNLA\Arquitectura de Computadoras\TPFinal\Ejercicio3\ejercicio3c\ejercicio3.asm
                     suma   0x00002a    program     static C:\Users\pc\Desktop\UNLA\Arquitectura de Computadoras\TPFinal\Ejercicio3\ejercicio3c\ejercicio3.asm
                    resta   0x00002f    program     static C:\Users\pc\Desktop\UNLA\Arquitectura de Computadoras\TPFinal\Ejercicio3\ejercicio3c\ejercicio3.asm
          mostrar_display   0x000032    program     static C:\Users\pc\Desktop\UNLA\Arquitectura de Computadoras\TPFinal\Ejercicio3\ejercicio3c\ejercicio3.asm
              salir_timer   0x000036    program     static C:\Users\pc\Desktop\UNLA\Arquitectura de Computadoras\TPFinal\Ejercicio3\ejercicio3c\ejercicio3.asm
                  end_int   0x000039    program     static C:\Users\pc\Desktop\UNLA\Arquitectura de Computadoras\TPFinal\Ejercicio3\ejercicio3c\ejercicio3.asm
            tabla_display   0x00003a    program     static C:\Users\pc\Desktop\UNLA\Arquitectura de Computadoras\TPFinal\Ejercicio3\ejercicio3c\ejercicio3.asm


