MPLINK 4.31, Linker
Linker Map File - Created Mon Nov 15 13:40:16 2021

                                 Section Info
                  Section       Type    Address   Location Size(Bytes)
                ---------  ---------  ---------  ---------  ---------
                   .org_0       code   0x000000    program   0x00003e
                   .cinit    romdata   0x00001f    program   0x000004



                              Program Memory Usage 
                               Start         End      
                           ---------   ---------      
                            0x000000    0x000020      
            33 out of 2183 program addresses used, program memory utilization is 1%



                              Symbols - Sorted by Name
                     Name    Address   Location    Storage File                     
                ---------  ---------  ---------  --------- ---------                
                  apagado   0x000009    program     static C:\Users\pc\Desktop\UNLA\Arquitectura de Computadoras\TPFinal\Ejercicio1\ejercicio1c\ejercicio1.asm
                delay_1ms   0x000019    program     static C:\Users\pc\Desktop\UNLA\Arquitectura de Computadoras\TPFinal\Ejercicio1\ejercicio1c\ejercicio1.asm
                 delay_1s   0x00000f    program     static C:\Users\pc\Desktop\UNLA\Arquitectura de Computadoras\TPFinal\Ejercicio1\ejercicio1c\ejercicio1.asm
              delay_250ms   0x000013    program     static C:\Users\pc\Desktop\UNLA\Arquitectura de Computadoras\TPFinal\Ejercicio1\ejercicio1c\ejercicio1.asm
                encendido   0x000004    program     static C:\Users\pc\Desktop\UNLA\Arquitectura de Computadoras\TPFinal\Ejercicio1\ejercicio1c\ejercicio1.asm
                   loop_1   0x00000f    program     static C:\Users\pc\Desktop\UNLA\Arquitectura de Computadoras\TPFinal\Ejercicio1\ejercicio1c\ejercicio1.asm
                   loop_2   0x000015    program     static C:\Users\pc\Desktop\UNLA\Arquitectura de Computadoras\TPFinal\Ejercicio1\ejercicio1c\ejercicio1.asm
                   loop_3   0x00001b    program     static C:\Users\pc\Desktop\UNLA\Arquitectura de Computadoras\TPFinal\Ejercicio1\ejercicio1c\ejercicio1.asm



                              Symbols - Sorted by Address
                     Name    Address   Location    Storage File                     
                ---------  ---------  ---------  --------- ---------                
                encendido   0x000004    program     static C:\Users\pc\Desktop\UNLA\Arquitectura de Computadoras\TPFinal\Ejercicio1\ejercicio1c\ejercicio1.asm
                  apagado   0x000009    program     static C:\Users\pc\Desktop\UNLA\Arquitectura de Computadoras\TPFinal\Ejercicio1\ejercicio1c\ejercicio1.asm
                 delay_1s   0x00000f    program     static C:\Users\pc\Desktop\UNLA\Arquitectura de Computadoras\TPFinal\Ejercicio1\ejercicio1c\ejercicio1.asm
                   loop_1   0x00000f    program     static C:\Users\pc\Desktop\UNLA\Arquitectura de Computadoras\TPFinal\Ejercicio1\ejercicio1c\ejercicio1.asm
              delay_250ms   0x000013    program     static C:\Users\pc\Desktop\UNLA\Arquitectura de Computadoras\TPFinal\Ejercicio1\ejercicio1c\ejercicio1.asm
                   loop_2   0x000015    program     static C:\Users\pc\Desktop\UNLA\Arquitectura de Computadoras\TPFinal\Ejercicio1\ejercicio1c\ejercicio1.asm
                delay_1ms   0x000019    program     static C:\Users\pc\Desktop\UNLA\Arquitectura de Computadoras\TPFinal\Ejercicio1\ejercicio1c\ejercicio1.asm
                   loop_3   0x00001b    program     static C:\Users\pc\Desktop\UNLA\Arquitectura de Computadoras\TPFinal\Ejercicio1\ejercicio1c\ejercicio1.asm


