MPLINK 4.31, Linker
Linker Map File - Created Mon Nov 15 13:57:27 2021

                                 Section Info
                  Section       Type    Address   Location Size(Bytes)
                ---------  ---------  ---------  ---------  ---------
                   .org_0       code   0x000000    program   0x000022
                   .cinit    romdata   0x000011    program   0x000004



                              Program Memory Usage 
                               Start         End      
                           ---------   ---------      
                            0x000000    0x000012      
            19 out of 2183 program addresses used, program memory utilization is 0%



                              Symbols - Sorted by Name
                     Name    Address   Location    Storage File                     
                ---------  ---------  ---------  --------- ---------                
                   INICIO   0x000000    program     static C:\Users\pc\Desktop\UNLA\Arquitectura de Computadoras\TPFinal\Ejercicio2\ejercicio2a\ejercicio2.asm
                    T20ms   0x00000e    program     static C:\Users\pc\Desktop\UNLA\Arquitectura de Computadoras\TPFinal\Ejercicio2\ejercicio2a\ejercicio2.asm
                   WT_ON1   0x000008    program     static C:\Users\pc\Desktop\UNLA\Arquitectura de Computadoras\TPFinal\Ejercicio2\ejercicio2a\ejercicio2.asm
             _.org_0_000D   0x00000d    program     static C:\Users\pc\Desktop\UNLA\Arquitectura de Computadoras\TPFinal\Ejercicio2\ejercicio2a\ejercicio2.asm



                              Symbols - Sorted by Address
                     Name    Address   Location    Storage File                     
                ---------  ---------  ---------  --------- ---------                
                   INICIO   0x000000    program     static C:\Users\pc\Desktop\UNLA\Arquitectura de Computadoras\TPFinal\Ejercicio2\ejercicio2a\ejercicio2.asm
                   WT_ON1   0x000008    program     static C:\Users\pc\Desktop\UNLA\Arquitectura de Computadoras\TPFinal\Ejercicio2\ejercicio2a\ejercicio2.asm
             _.org_0_000D   0x00000d    program     static C:\Users\pc\Desktop\UNLA\Arquitectura de Computadoras\TPFinal\Ejercicio2\ejercicio2a\ejercicio2.asm
                    T20ms   0x00000e    program     static C:\Users\pc\Desktop\UNLA\Arquitectura de Computadoras\TPFinal\Ejercicio2\ejercicio2a\ejercicio2.asm


