MPLINK 4.31, Linker
Linker Map File - Created Mon Nov 15 14:02:00 2021

                                 Section Info
                  Section       Type    Address   Location Size(Bytes)
                ---------  ---------  ---------  ---------  ---------
                   .org_0       code   0x000000    program   0x000060
                   .cinit    romdata   0x000030    program   0x000004



                              Program Memory Usage 
                               Start         End      
                           ---------   ---------      
                            0x000000    0x000031      
            50 out of 2183 program addresses used, program memory utilization is 2%



                              Symbols - Sorted by Name
                     Name    Address   Location    Storage File                     
                ---------  ---------  ---------  --------- ---------                
                   INICIO   0x000000    program     static C:\Users\pc\Desktop\UNLA\Arquitectura de Computadoras\TPFinal\Ejercicio2\ejercicio2b\ejercicio2.asm
                delay_1ms   0x00002a    program     static C:\Users\pc\Desktop\UNLA\Arquitectura de Computadoras\TPFinal\Ejercicio2\ejercicio2b\ejercicio2.asm
                 delay_ms   0x000024    program     static C:\Users\pc\Desktop\UNLA\Arquitectura de Computadoras\TPFinal\Ejercicio2\ejercicio2b\ejercicio2.asm
                led_off_1   0x000015    program     static C:\Users\pc\Desktop\UNLA\Arquitectura de Computadoras\TPFinal\Ejercicio2\ejercicio2b\ejercicio2.asm
                led_off_2   0x00001c    program     static C:\Users\pc\Desktop\UNLA\Arquitectura de Computadoras\TPFinal\Ejercicio2\ejercicio2b\ejercicio2.asm
                 led_on_1   0x000007    program     static C:\Users\pc\Desktop\UNLA\Arquitectura de Computadoras\TPFinal\Ejercicio2\ejercicio2b\ejercicio2.asm
                 led_on_2   0x00000e    program     static C:\Users\pc\Desktop\UNLA\Arquitectura de Computadoras\TPFinal\Ejercicio2\ejercicio2b\ejercicio2.asm
                   loop_2   0x000026    program     static C:\Users\pc\Desktop\UNLA\Arquitectura de Computadoras\TPFinal\Ejercicio2\ejercicio2b\ejercicio2.asm
                   loop_3   0x00002c    program     static C:\Users\pc\Desktop\UNLA\Arquitectura de Computadoras\TPFinal\Ejercicio2\ejercicio2b\ejercicio2.asm



                              Symbols - Sorted by Address
                     Name    Address   Location    Storage File                     
                ---------  ---------  ---------  --------- ---------                
                   INICIO   0x000000    program     static C:\Users\pc\Desktop\UNLA\Arquitectura de Computadoras\TPFinal\Ejercicio2\ejercicio2b\ejercicio2.asm
                 led_on_1   0x000007    program     static C:\Users\pc\Desktop\UNLA\Arquitectura de Computadoras\TPFinal\Ejercicio2\ejercicio2b\ejercicio2.asm
                 led_on_2   0x00000e    program     static C:\Users\pc\Desktop\UNLA\Arquitectura de Computadoras\TPFinal\Ejercicio2\ejercicio2b\ejercicio2.asm
                led_off_1   0x000015    program     static C:\Users\pc\Desktop\UNLA\Arquitectura de Computadoras\TPFinal\Ejercicio2\ejercicio2b\ejercicio2.asm
                led_off_2   0x00001c    program     static C:\Users\pc\Desktop\UNLA\Arquitectura de Computadoras\TPFinal\Ejercicio2\ejercicio2b\ejercicio2.asm
                 delay_ms   0x000024    program     static C:\Users\pc\Desktop\UNLA\Arquitectura de Computadoras\TPFinal\Ejercicio2\ejercicio2b\ejercicio2.asm
                   loop_2   0x000026    program     static C:\Users\pc\Desktop\UNLA\Arquitectura de Computadoras\TPFinal\Ejercicio2\ejercicio2b\ejercicio2.asm
                delay_1ms   0x00002a    program     static C:\Users\pc\Desktop\UNLA\Arquitectura de Computadoras\TPFinal\Ejercicio2\ejercicio2b\ejercicio2.asm
                   loop_3   0x00002c    program     static C:\Users\pc\Desktop\UNLA\Arquitectura de Computadoras\TPFinal\Ejercicio2\ejercicio2b\ejercicio2.asm


