MPLINK 4.31, Linker
Linker Map File - Created Mon Nov 15 13:43:29 2021

                                 Section Info
                  Section       Type    Address   Location Size(Bytes)
                ---------  ---------  ---------  ---------  ---------
                   .org_0       code   0x000000    program   0x00004a
                   .cinit    romdata   0x000025    program   0x000004



                              Program Memory Usage 
                               Start         End      
                           ---------   ---------      
                            0x000000    0x000026      
            39 out of 2183 program addresses used, program memory utilization is 1%



                              Symbols - Sorted by Name
                     Name    Address   Location    Storage File                     
                ---------  ---------  ---------  --------- ---------                
             _.org_0_0012   0x000012    program     static C:\Users\pc\Desktop\UNLA\Arquitectura de Computadoras\TPFinal\Ejercicio1\ejercicio1d\ejercicio1.asm
                delay_1ms   0x00001f    program     static C:\Users\pc\Desktop\UNLA\Arquitectura de Computadoras\TPFinal\Ejercicio1\ejercicio1d\ejercicio1.asm
              delay_250ms   0x000019    program     static C:\Users\pc\Desktop\UNLA\Arquitectura de Computadoras\TPFinal\Ejercicio1\ejercicio1d\ejercicio1.asm
              delay_500ms   0x000013    program     static C:\Users\pc\Desktop\UNLA\Arquitectura de Computadoras\TPFinal\Ejercicio1\ejercicio1d\ejercicio1.asm
                   loop_1   0x000015    program     static C:\Users\pc\Desktop\UNLA\Arquitectura de Computadoras\TPFinal\Ejercicio1\ejercicio1d\ejercicio1.asm
                   loop_2   0x00001b    program     static C:\Users\pc\Desktop\UNLA\Arquitectura de Computadoras\TPFinal\Ejercicio1\ejercicio1d\ejercicio1.asm
                   loop_3   0x000021    program     static C:\Users\pc\Desktop\UNLA\Arquitectura de Computadoras\TPFinal\Ejercicio1\ejercicio1d\ejercicio1.asm



                              Symbols - Sorted by Address
                     Name    Address   Location    Storage File                     
                ---------  ---------  ---------  --------- ---------                
             _.org_0_0012   0x000012    program     static C:\Users\pc\Desktop\UNLA\Arquitectura de Computadoras\TPFinal\Ejercicio1\ejercicio1d\ejercicio1.asm
              delay_500ms   0x000013    program     static C:\Users\pc\Desktop\UNLA\Arquitectura de Computadoras\TPFinal\Ejercicio1\ejercicio1d\ejercicio1.asm
                   loop_1   0x000015    program     static C:\Users\pc\Desktop\UNLA\Arquitectura de Computadoras\TPFinal\Ejercicio1\ejercicio1d\ejercicio1.asm
              delay_250ms   0x000019    program     static C:\Users\pc\Desktop\UNLA\Arquitectura de Computadoras\TPFinal\Ejercicio1\ejercicio1d\ejercicio1.asm
                   loop_2   0x00001b    program     static C:\Users\pc\Desktop\UNLA\Arquitectura de Computadoras\TPFinal\Ejercicio1\ejercicio1d\ejercicio1.asm
                delay_1ms   0x00001f    program     static C:\Users\pc\Desktop\UNLA\Arquitectura de Computadoras\TPFinal\Ejercicio1\ejercicio1d\ejercicio1.asm
                   loop_3   0x000021    program     static C:\Users\pc\Desktop\UNLA\Arquitectura de Computadoras\TPFinal\Ejercicio1\ejercicio1d\ejercicio1.asm


