MPLINK 4.31, Linker
Linker Map File - Created Mon Nov 15 13:30:10 2021

                                 Section Info
                  Section       Type    Address   Location Size(Bytes)
                ---------  ---------  ---------  ---------  ---------
                   .org_0       code   0x000000    program   0x000018
                   .cinit    romdata   0x00000c    program   0x000004



                              Program Memory Usage 
                               Start         End      
                           ---------   ---------      
                            0x000000    0x00000d      
            14 out of 2183 program addresses used, program memory utilization is 0%



                              Symbols - Sorted by Name
                     Name    Address   Location    Storage File                     
                ---------  ---------  ---------  --------- ---------                
                 delay_1s   0x000007    program     static C:\Users\pc\Desktop\UNLA\Arquitectura de Computadoras\TPFinal\Ejercicio1\ejercicio1a\ejercicio1.asm
                encendido   0x000004    program     static C:\Users\pc\Desktop\UNLA\Arquitectura de Computadoras\TPFinal\Ejercicio1\ejercicio1a\ejercicio1.asm
                   loop_1   0x000009    program     static C:\Users\pc\Desktop\UNLA\Arquitectura de Computadoras\TPFinal\Ejercicio1\ejercicio1a\ejercicio1.asm



                              Symbols - Sorted by Address
                     Name    Address   Location    Storage File                     
                ---------  ---------  ---------  --------- ---------                
                encendido   0x000004    program     static C:\Users\pc\Desktop\UNLA\Arquitectura de Computadoras\TPFinal\Ejercicio1\ejercicio1a\ejercicio1.asm
                 delay_1s   0x000007    program     static C:\Users\pc\Desktop\UNLA\Arquitectura de Computadoras\TPFinal\Ejercicio1\ejercicio1a\ejercicio1.asm
                   loop_1   0x000009    program     static C:\Users\pc\Desktop\UNLA\Arquitectura de Computadoras\TPFinal\Ejercicio1\ejercicio1a\ejercicio1.asm


