MPLINK 4.31, Linker
Linker Map File - Created Tue Nov 16 20:23:15 2021

                                 Section Info
                  Section       Type    Address   Location Size(Bytes)
                ---------  ---------  ---------  ---------  ---------
                   .org_0       code   0x000000    program   0x000002
                   .cinit    romdata   0x000001    program   0x000004
                   .org_1       code   0x000004    program   0x000048



                              Program Memory Usage 
                               Start         End      
                           ---------   ---------      
                            0x000000    0x000002      
                            0x000004    0x000027      
            39 out of 2183 program addresses used, program memory utilization is 1%



                              Symbols - Sorted by Name
                     Name    Address   Location    Storage File                     
                ---------  ---------  ---------  --------- ---------                
             _.org_1_0027   0x000027    program     static C:\Users\pc\Desktop\UNLA\Arquitectura de Computadoras\TPFinal\Ejercicio2\ejercicio2d\ejercicio2.asm
                   cuatro   0x000019    program     static C:\Users\pc\Desktop\UNLA\Arquitectura de Computadoras\TPFinal\Ejercicio2\ejercicio2d\ejercicio2.asm
                      dos   0x00000d    program     static C:\Users\pc\Desktop\UNLA\Arquitectura de Computadoras\TPFinal\Ejercicio2\ejercicio2d\ejercicio2.asm
                  end_int   0x00001b    program     static C:\Users\pc\Desktop\UNLA\Arquitectura de Computadoras\TPFinal\Ejercicio2\ejercicio2d\ejercicio2.asm
                   inicio   0x00001d    program     static C:\Users\pc\Desktop\UNLA\Arquitectura de Computadoras\TPFinal\Ejercicio2\ejercicio2d\ejercicio2.asm
                     main   0x000007    program     static C:\Users\pc\Desktop\UNLA\Arquitectura de Computadoras\TPFinal\Ejercicio2\ejercicio2d\ejercicio2.asm
                     tres   0x000013    program     static C:\Users\pc\Desktop\UNLA\Arquitectura de Computadoras\TPFinal\Ejercicio2\ejercicio2d\ejercicio2.asm



                              Symbols - Sorted by Address
                     Name    Address   Location    Storage File                     
                ---------  ---------  ---------  --------- ---------                
                     main   0x000007    program     static C:\Users\pc\Desktop\UNLA\Arquitectura de Computadoras\TPFinal\Ejercicio2\ejercicio2d\ejercicio2.asm
                      dos   0x00000d    program     static C:\Users\pc\Desktop\UNLA\Arquitectura de Computadoras\TPFinal\Ejercicio2\ejercicio2d\ejercicio2.asm
                     tres   0x000013    program     static C:\Users\pc\Desktop\UNLA\Arquitectura de Computadoras\TPFinal\Ejercicio2\ejercicio2d\ejercicio2.asm
                   cuatro   0x000019    program     static C:\Users\pc\Desktop\UNLA\Arquitectura de Computadoras\TPFinal\Ejercicio2\ejercicio2d\ejercicio2.asm
                  end_int   0x00001b    program     static C:\Users\pc\Desktop\UNLA\Arquitectura de Computadoras\TPFinal\Ejercicio2\ejercicio2d\ejercicio2.asm
                   inicio   0x00001d    program     static C:\Users\pc\Desktop\UNLA\Arquitectura de Computadoras\TPFinal\Ejercicio2\ejercicio2d\ejercicio2.asm
             _.org_1_0027   0x000027    program     static C:\Users\pc\Desktop\UNLA\Arquitectura de Computadoras\TPFinal\Ejercicio2\ejercicio2d\ejercicio2.asm


